#-----------------------------------------------------------
# Vivado v2019.1 (64-bit)
# SW Build 2552052 on Fri May 24 14:49:42 MDT 2019
# IP Build 2548770 on Fri May 24 18:01:18 MDT 2019
# Start of session at: Mon May  8 19:14:11 2023
# Process ID: 14496
# Current directory: F:/TUTORIAL/FPGA/fpga-saghafi/Digital_design/08/BLINK_Z00/BLINK_Z00.runs/BLINK_Z0_Block_processing_system7_0_0_synth_1
# Command line: vivado.exe -log BLINK_Z0_Block_processing_system7_0_0.vds -product Vivado -mode batch -messageDb vivado.pb -notrace -source BLINK_Z0_Block_processing_system7_0_0.tcl
# Log file: F:/TUTORIAL/FPGA/fpga-saghafi/Digital_design/08/BLINK_Z00/BLINK_Z00.runs/BLINK_Z0_Block_processing_system7_0_0_synth_1/BLINK_Z0_Block_processing_system7_0_0.vds
# Journal file: F:/TUTORIAL/FPGA/fpga-saghafi/Digital_design/08/BLINK_Z00/BLINK_Z00.runs/BLINK_Z0_Block_processing_system7_0_0_synth_1\vivado.jou
#-----------------------------------------------------------
source BLINK_Z0_Block_processing_system7_0_0.tcl -notrace
